---
source: crates/ruff_linter/src/rules/pylint/mod.rs
---
invalid_characters_syntax_error.py:5:6: PLE2510 [*] Invalid unescaped character backspace, use "\b" instead
  |
4 | # Before any syntax error
5 | b = '␈'
  |      ^ PLE2510
6 | # Unterminated string
7 | b = '␈
  |
  = help: Replace with escape sequence

ℹ Safe fix
2 2 | # strings shouldn't be highlighted.
3 3 | 
4 4 | # Before any syntax error
5   |-b = '␈'
  5 |+b = '\b'
6 6 | # Unterminated string
7 7 | b = '␈
8 8 | b = '␈'

invalid_characters_syntax_error.py:8:6: PLE2510 [*] Invalid unescaped character backspace, use "\b" instead
   |
 6 | # Unterminated string
 7 | b = '␈
 8 | b = '␈'
   |      ^ PLE2510
 9 | # Unterminated f-string
10 | b = f'␈
   |
   = help: Replace with escape sequence

ℹ Safe fix
5 5 | b = '␈'
6 6 | # Unterminated string
7 7 | b = '␈
8   |-b = '␈'
  8 |+b = '\b'
9 9 | # Unterminated f-string
10 10 | b = f'␈
11 11 | b = f'␈'

invalid_characters_syntax_error.py:11:7: PLE2510 [*] Invalid unescaped character backspace, use "\b" instead
   |
 9 | # Unterminated f-string
10 | b = f'␈
11 | b = f'␈'
   |       ^ PLE2510
12 | # Implicitly concatenated
13 | b = '␈' f'␈' '␈
   |
   = help: Replace with escape sequence

ℹ Safe fix
8  8  | b = '␈'
9  9  | # Unterminated f-string
10 10 | b = f'␈
11    |-b = f'␈'
   11 |+b = f'\b'
12 12 | # Implicitly concatenated
13 13 | b = '␈' f'␈' '␈

invalid_characters_syntax_error.py:13:6: PLE2510 [*] Invalid unescaped character backspace, use "\b" instead
   |
11 | b = f'␈'
12 | # Implicitly concatenated
13 | b = '␈' f'␈' '␈
   |      ^ PLE2510
   |
   = help: Replace with escape sequence

ℹ Safe fix
10 10 | b = f'␈
11 11 | b = f'␈'
12 12 | # Implicitly concatenated
13    |-b = '␈' f'␈' '␈
   13 |+b = '\b' f'␈' '␈

invalid_characters_syntax_error.py:13:11: PLE2510 [*] Invalid unescaped character backspace, use "\b" instead
   |
11 | b = f'␈'
12 | # Implicitly concatenated
13 | b = '␈' f'␈' '␈
   |           ^ PLE2510
   |
   = help: Replace with escape sequence

ℹ Safe fix
10 10 | b = f'␈
11 11 | b = f'␈'
12 12 | # Implicitly concatenated
13    |-b = '␈' f'␈' '␈
   13 |+b = '␈' f'\b' '␈
