---
source: crates/ruff_linter/src/rules/pycodestyle/mod.rs
---
E30_syntax_error.py:18:1: E305 [*] Expected 2 blank lines after class or function definition, found (1)
   |
16 |         pass
17 | 
18 | foo = Foo(
   | ^^^ E305
   |
   = help: Add missing blank line(s)

â„¹ Safe fix
15 15 |     def method():
16 16 |         pass
17 17 | 
   18 |+
18 19 | foo = Foo(
19 20 | 
20 21 |
